===== ANALYST ling3 2026-08-07 18:31:06 UTC =====
[91m[1mError: [0m{
  "name": "UnknownError",
  "data": {
    "message": "Unexpected server error. Check server logs for details.",
    "ref": "err_4e578ae3"
  }
}
===== ANALYST ling3 2026-08-07 18:51:57 UTC =====
[91m[1mError: [0m{
  "name": "UnknownError",
  "data": {
    "message": "Unexpected server error. Check server logs for details.",
    "ref": "err_8403479a"
  }
}
===== ANALYST ling3 2026-08-07 19:22:34 UTC =====
[91m[1mError: [0m{
  "name": "UnknownError",
  "data": {
    "message": "Unexpected server error. Check server logs for details.",
    "ref": "err_e9b305ff"
  }
}
