===== ANALYST bigpickle 2026-08-07 18:31:06 UTC =====
[0m
> build · big-pickle
[0m
[0m$ [0mls -la && cat scope.yml 2>/dev/null | head -50
total 84
drwxr-xr-x 9 runner runner 4096 Aug  7 18:28 .
drwxr-xr-x 3 runner runner 4096 Aug  7 18:28 ..
drwxr-xr-x 7 runner runner 4096 Aug  7 18:28 .git
drwxr-xr-x 3 runner runner 4096 Aug  7 18:28 .github
-rw-r--r-- 1 runner runner  156 Aug  7 18:28 README.md
-rw-r--r-- 1 runner runner   32 Aug  7 18:28 analyst-out.txt
-rw-r--r-- 1 runner runner 6866 Aug  7 18:28 analyst-prompt.txt
-rw-r--r-- 1 runner runner 4101 Aug  7 18:28 ctx.txt
drwxr-xr-x 2 runner runner 4096 Aug  7 18:28 inventory
drwxr-xr-x 2 runner runner 4096 Aug  7 18:28 knowledge
drwxr-xr-x 2 runner runner 4096 Aug  7 18:28 leads
drwxr-xr-x 2 runner runner 4096 Aug  7 18:28 reports
-rw-r--r-- 1 runner runner 2187 Aug  7 18:28 scope.yml
drwxr-xr-x 2 runner runner 4096 Aug  7 18:28 scripts
-rw-r--r-- 1 runner runner   35 Aug  7 18:28 state_bigpickle.json
-rw-r--r-- 1 runner runner   35 Aug  7 18:28 state_laguna.json
-rw-r--r-- 1 runner runner   35 Aug  7 18:28 state_ling3.json
-rw-r--r-- 1 runner runner   35 Aug  7 18:28 state_longcat.json
-rw-r--r-- 1 runner runner   35 Aug  7 18:28 state_nemotron3.json
programs:
  gladia:
    name: Gladia Bug Bounty
    disclosure_policy: TBD - operator-provided program scope (update once public channel confirmed)
    assets:
      - name: api.gladia.io
        priority: Highest
      - name: app.gladia.io
        priority: High
      - name: Official SDKs (npm @gladiaio/sdk, PyPI gladiaio-sdk)
        priority: Medium
      - name: gladia.io
        priority: Low
    out_of_scope:
      - "All other *.gladia.io subdomains"
      - "Third-party services (Intercom, Stripe dashboard, Google Workspace)"
      - "Social engineering or phishing attacks on staff"
      - "Physical security"
      - "Denial of Service (DoS/DDoS)"
      - "Assets not owned or operated by Gladia"
      - "Vulnerabilities requiring physical access"
      - "Reports from automated scanners without manual validation"
    github_orgs:
      - gladiaio
    npm_packages:
      - "@gladiaio/sdk"
      - "gladia"
    pypi_packages:
      - "gladiaio-sdk"
    known_surface:
      - "https://api.gladia.io/openapi.json  (OpenAPI spec consumed by the SDK code generator)"

rules:
  # Operator-defined program scope. Passive-first, human-validated only.
  passive_first: true          # GET/HEAD reads first; no invasive testing without program approval
  max_requests_per_second: 1   # never hammer
  no_doom: true                # no DoS/DDoS, no resource-exhaustion tests
  no_account_creation: true    # no mass signups on app.gladia.io without program approval
  no_data_modification: true   # no writes, deletes, state changes on live infra
  no_pre_disclosure: true      # never disclose before program response
  manual_validation_required: true  # scanner output alone is REJECTED per scope; every finding must be manually validated
  redact_secrets_in_commits: true   # commit sha256 of secrets, never raw values

# Multi-model ensemble: every hunt run picks a rotation of the 5 models.
models:
  - { id: opencode/big-pickle, name: bigpickle }
  - { id: opencode/nemotron-3-ultra-free, name: nemotron3 }
  - { id: opencode/longcat-2.0-free, name: longcat }
  - { id: opencode/ling-3.0-flash-free, name: ling3 }
  - { id: opencode/laguna-s-2.1-free, name: laguna }
[0m
[0m$ [0mcurl -s -o /dev/null -w "%{http_code} %{time_total}s\n" https://api.gladia.io/openapi.json --max-time 15
200 1.623458s
[0m
[0m→ [0mRead ctx.txt
[0m
[0m$ [0mls inventory knowledge leads reports scripts
inventory:
gladia.md

knowledge:
index.md

leads:
lead-bigpickle.md
lead-laguna.md
lead-ling3.md
lead-longcat.md
lead-nemotron3.md

reports:
hypotheses.md
valid-bugs.md

scripts:
sync-issues.py
[0m
[0m$ [0mcurl -s https://api.gladia.io/openapi.json --max-time 20 -o /tmp/opencode/openapi.json && python3 -c "
import json
d=json.load(open('/tmp/opencode/openapi.json'))
print('openapi', d.get('openapi'), 'title', d.get('info',{}).get('title'), 'ver', d.get('info',{}).get('version'))
print('servers', d.get('servers'))
print('SECURITY SCHEMES:', json.dumps(d.get('components',{}).get('securitySchemes',{})))
paths=d.get('paths',{})
print('num paths:', len(paths))
for p in sorted(paths):
    print(' ', p, sorted(paths[p].keys()))
"
openapi 3.1.0 title Gladia Control API ver 1.0
servers [{'url': 'https://api.gladia.io/', 'description': 'Gladia API production URL'}]
SECURITY SCHEMES: {"x_gladia_key": {"type": "apiKey", "in": "header", "name": "x-gladia-key", "description": "Your personal Gladia API key"}}
num paths: 14
  /audio/text/audio-transcription ['post']
  /v1/history ['get']
  /v1/models ['get']
  /v2/live ['get', 'post']
  /v2/live/{id} ['delete', 'get', 'patch']
  /v2/live/{id}/file ['get']
  /v2/pre-recorded ['get', 'post']
  /v2/pre-recorded/{id} ['delete', 'get']
  /v2/pre-recorded/{id}/file ['get']
  /v2/transcription ['get', 'post']
  /v2/transcription/{id} ['delete', 'get']
  /v2/transcription/{id}/file ['get']
  /v2/upload ['post']
  /video/text/video-transcription ['post']
[0m
[0m$ [0mcurl -s https://registry.npmjs.org/gladia --max-time 15 -o /tmp/opencode/npm-gladia.json && curl -s https://registry.npmjs.org/@gladiaio%2Fsdk --max-time 15 -o /tmp/opencode/npm-gladiaio-sdk.json && python3 -c "
import json
for f in ['/tmp/opencode/npm-gladia.json','/tmp/opencode/npm-gladiaio-sdk.json']:
    d=json.load(open(f))
    latest=d.get('dist-tags',{}).get('latest')
    v=d.get('versions',{}).get(latest,{})
    print(f)
    print(' name:', d.get('name'), 'latest:', latest)
    print(' desc:', (v.get('description') or '')[:100])
    print(' repo:', json.dumps(v.get('repository')))
    print(' maintainers:', json.dumps(d.get('maintainers')))
    print(' dist tarball:', v.get('dist',{}).get('tarball'))
    print(' created:', d.get('time',{}).get('created'))
"
/tmp/opencode/npm-gladia.json
 name: gladia latest: 0.1.3
 desc: Official TypeScript SDK for Gladia - State-of-the-art Speech to Text API
 repo: {"type": "git", "url": "git+https://github.com/alexisbouchez/gladia.ts.git"}
 maintainers: [{"name": "softwarecitadel", "email": "softwarecitadel@gmail.com"}]
 dist tarball: https://registry.npmjs.org/gladia/-/gladia-0.1.3.tgz
 created: 2025-03-28T17:20:09.872Z
/tmp/opencode/npm-gladiaio-sdk.json
 name: @gladiaio/sdk latest: 1.1.0
 desc: Gladia JavaScript/TypeScript SDK
 repo: {"type": "git", "url": "git+https://github.com/gladiaio/sdk.git"}
 maintainers: [{"name": "clement-gladia", "email": "ccharmet@gladia.io"}, {"name": "gladia-admin", "email": "tech-certified@gladia.io"}, {"name": "commarla", "email": "lcommarieu@gladia.io"}, {"name": "hugo_gladia", "email": "himbert@gladia.io"}, {"name": "tnesztler", "email": "picobuntu@gmail.com"}, {"name": "amorin_gladia", "email": "amorin@gladia.io"}, {"name": "thibautlb", "email": "ecouprie@gladia.io"}, {"name": "remigladia", "email": "rlejeune@gladia.io"}, {"name": "acorbeau-gladia", "email": "acorbeau@gladia.io"}, {"name": "jqueguiner", "email": "jlqueguiner@gladia.io"}, {"name": "hpapier.ext.gladia", "email": "hpapier.ext@gladia.io"}, {"name": "clafaye", "email": "clafaye@gladia.io"}, {"name": "opopops", "email": "ggueutier@gladia.io"}, {"name": "bot-npmjs-gladiaio", "email": "bot-npmjs@gladia.io"}, {"name": "rpiotaix", "email": "rpiotaix@gladia.io"}, {"name": "yoannkygladia", "email": "ykeoxay@gladia.io"}, {"name": "cpire", "email": "cpire@gladia.io"}]
 dist tarball: https://registry.npmjs.org/@gladiaio/sdk/-/sdk-1.1.0.tgz
 created: 2025-09-09T15:01:20.684Z
[0m
[0m$ [0mpython3 -c "
import json
d=json.load(open('/tmp/opencode/openapi.json'))
print('GLOBAL security:', json.dumps(d.get('security')))
for p,methods in d['paths'].items():
    for m,op in methods.items():
        if isinstance(op,dict):
            sec = op.get('security','<inherit>')
            params = op.get('parameters',[])
            rq = op.get('requestBody',{}).get('content',{})
            print(p, m.upper(), 'sec=',sec)
            for prm in params:
                print('   param:', prm.get('in'), prm.get('name'), prm.get('required'))
            for ctype, s in rq.items():
                sch = s.get('schema',{})
                props = list(sch.get('properties',{}).keys())[:12] if 'properties' in sch else (sch.get('allOf','') if 'allOf' in sch else '')
                print('   body', ctype, '->', props)
"
GLOBAL security: null
/v2/upload POST sec= [{'x_gladia_key': []}]
   body multipart/form-data -> ['audio']
   body application/json -> ['audio_url']
/v2/pre-recorded POST sec= [{'x_gladia_key': []}]
   body application/json -> 
/v2/pre-recorded GET sec= [{'x_gladia_key': []}]
   param: query offset False
   param: query limit False
   param: query date False
   param: query before_date False
   param: query after_date False
   param: query status False
   param: query custom_metadata False
/v2/pre-recorded/{id} GET sec= [{'x_gladia_key': []}]
   param: path id True
/v2/pre-recorded/{id} DELETE sec= [{'x_gladia_key': []}]
   param: path id True
/v2/pre-recorded/{id}/file GET sec= [{'x_gladia_key': []}]
   param: path id True
/v2/transcription POST sec= [{'x_gladia_key': []}]
   body application/json -> 
/v2/transcription GET sec= [{'x_gladia_key': []}]
   param: query offset False
   param: query limit False
   param: query date False
   param: query before_date False
   param: query after_date False
   param: query status False
   param: query custom_metadata False
   param: query kind False
/v2/transcription/{id} GET sec= [{'x_gladia_key': []}]
   param: path id True
/v2/transcription/{id} DELETE sec= [{'x_gladia_key': []}]
   param: path id True
/v2/transcription/{id}/file GET sec= [{'x_gladia_key': []}]
   param: path id True
/audio/text/audio-transcription POST sec= [{'x_gladia_key': []}]
   body multipart/form-data -> ['audio', 'audio_url', 'language_behaviour', 'language', 'transcription_hint', 'toggle_diarization', 'diarization_num_speakers', 'diarization_min_speakers', 'diarization_max_speakers', 'toggle_direct_translate', 'target_translation_language', 'output_format']
/video/text/video-transcription POST sec= [{'x_gladia_key': []}]
   body multipart/form-data -> ['video', 'video_url', 'language_behaviour', 'language', 'transcription_hint', 'toggle_diarization', 'diarization_num_speakers', 'diarization_min_speakers', 'diarization_max_speakers', 'toggle_direct_translate', 'target_translation_language', 'output_format']
/v1/history GET sec= [{'x_gladia_key': []}]
   param: query offset False
   param: query limit False
   param: query date False
   param: query before_date False
   param: query after_date False
   param: query status False
   param: query custom_metadata False
   param: query kind False
/v2/live POST sec= [{'x_gladia_key': []}]
   param: query region False
   body application/json -> 
/v2/live GET sec= [{'x_gladia_key': []}]
   param: query offset False
   param: query limit False
   param: query date False
   param: query before_date False
   param: query after_date False
   param: query status False
   param: query custom_metadata False
/v2/live/{id} GET sec= [{'x_gladia_key': []}]
   param: path id True
/v2/live/{id} DELETE sec= [{'x_gladia_key': []}]
   param: path id True
/v2/live/{id} PATCH sec= [{'x_gladia_key': []}]
   param: path id True
   body application/json -> 
/v2/live/{id}/file GET sec= [{'x_gladia_key': []}]
   param: path id True
/v1/models GET sec= <inherit>
[0m
[0m$ [0mcurl -s -D - -o /dev/null -H "Origin: https://evil.example.com" -H "Authorization: Bearer test" https://api.gladia.io/v1/models --max-time 15 | grep -iE "access-control|content-type|HTTP/|x-gladia|www-auth" ; echo ---; curl -s https://api.gladia.io/v1/models --max-time 15 | head -c 400
HTTP/2 200 
access-control-allow-origin: *
access-control-expose-headers: x-gladia-request-id,traceparent,tracestate,x-request-id,x-correlation-id,X-Request-Id,X-Correlation-Id
content-type: application/json; charset=utf-8
x-content-type-options: nosniff
---
{"data":[{"id":"gladia/solaria-1","name":"Gladia: Solaria 1","created":1730000000,"input_modalities":["audio"],"output_modalities":["text","transcription"],"context_length":0,"max_output_length":0,"pricing":{"prompt":"0","completion":"0","request":"0.000055"},"supported_sampling_parameters":[],"supported_features":[],"description":"Enterprise speech-to-text model supporting 100+ languages with sub
[0m
[0m$ [0mmkdir -p /tmp/opencode/npmcheck && cd /tmp/opencode/npmcheck && curl -s https://registry.npmjs.org/gladia/-/gladia-0.1.3.tgz -o gladia.tgz --max-time 20 && curl -s https://registry.npmjs.org/@gladiaio/sdk/-/sdk-1.1.0.tgz -o sdk.tgz --max-time 20 && tar tzf gladia.tgz > gladia_files.txt && tar tzf sdk.tgz > sdk_files.txt && echo "== gladia files ==" && cat gladia_files.txt && echo "== size gladia ==" && du -h gladia.tgz
== gladia files ==
package/LICENSE
package/dist/gladia.cjs.development.js
package/dist/gladia.cjs.production.min.js
package/dist/gladia.esm.js
package/dist/index.js
package/package.json
package/dist/gladia.cjs.development.js.map
package/dist/gladia.cjs.production.min.js.map
package/dist/gladia.esm.js.map
package/README.md
package/dist/client.d.ts
package/src/client.ts
package/dist/index.d.ts
package/src/index.ts
package/dist/types.d.ts
package/src/types.ts
== size gladia ==
48K	gladia.tgz
[0m
[0m$ [0mfor u in /v2/transcription /v2/pre-recorded /v2/transcription/abc123 /v2/live; do echo "== $u"; curl -s -o /tmp/opencode/r.txt -w "%{http_code}\n" "https://api.gladia.io$u" --max-time 15; head -c 200 /tmp/opencode/r.txt; echo; done
== /v2/transcription
401
{"statusCode":401,"timestamp":"2026-08-07T18:29:32.320Z","path":"/v2/transcription","message":"no gladia key provided","request_id":"G-7c2141a8"}
== /v2/pre-recorded
401
{"statusCode":401,"timestamp":"2026-08-07T18:29:33.341Z","path":"/v2/pre-recorded","message":"no gladia key provided","request_id":"G-431facf3"}
== /v2/transcription/abc123
401
{"statusCode":401,"timestamp":"2026-08-07T18:29:34.267Z","path":"/v2/transcription/abc123","message":"no gladia key provided","request_id":"G-98f18ac5"}
== /v2/live
401
{"statusCode":401,"timestamp":"2026-08-07T18:29:35.092Z","path":"/v2/live","message":"no gladia key provided","request_id":"G-c47d9af3"}
[0m
[0m$ [0mcd /tmp/opencode/npmcheck && tar xzf gladia.tgz -C gladia-src 2>/dev/null || (mkdir -p gladia-src && tar xzf gladia.tgz -C gladia-src) ; wc -l gladia-src/package/src/*.ts gladia-src/package/README.md gladia-src/package/package.json
435 gladia-src/package/src/client.ts
   35 gladia-src/package/src/index.ts
  259 gladia-src/package/src/types.ts
  394 gladia-src/package/README.md
   77 gladia-src/package/package.json
 1200 total
[0m
[0m$ [0mcd /tmp/opencode/npmcheck/gladia-src/package && cat package.json && echo "=====CLIENT=====" && sed -n '1,140p' src/client.ts
{
  "name": "gladia",
  "version": "0.1.3",
  "description": "Official TypeScript SDK for Gladia - State-of-the-art Speech to Text API",
  "main": "dist/index.js",
  "module": "dist/gladia.esm.js",
  "types": "dist/index.d.ts",
  "files": [
    "dist",
    "src"
  ],
  "engines": {
    "node": ">=14"
  },
  "scripts": {
    "start": "tsdx watch",
    "build": "tsdx build",
    "test": "tsdx test",
    "lint": "tsdx lint",
    "prepare": "tsdx build",
    "size": "size-limit",
    "analyze": "size-limit --why",
    "example": "ts-node examples/youtube.ts"
  },
  "keywords": [
    "gladia",
    "speech-to-text",
    "transcription",
    "audio",
    "video",
    "ai",
    "typescript",
    "sdk"
  ],
  "author": "Alexis Bouchez",
  "license": "MIT",
  "repository": {
    "type": "git",
    "url": "https://github.com/alexisbouchez/gladia.ts"
  },
  "bugs": {
    "url": "https://github.com/alexisbouchez/gladia.ts/issues"
  },
  "homepage": "https://github.com/alexisbouchez/gladia.ts#readme",
  "peerDependencies": {},
  "husky": {
    "hooks": {
      "pre-commit": "tsdx lint"
    }
  },
  "prettier": {
    "printWidth": 80,
    "semi": true,
    "singleQuote": true,
    "trailingComma": "es5"
  },
  "size-limit": [
    {
      "path": "dist/gladia.cjs.production.min.js",
      "limit": "10 KB"
    },
    {
      "path": "dist/gladia.esm.js",
      "limit": "10 KB"
    }
  ],
  "devDependencies": {
    "@size-limit/preset-small-lib": "^11.2.0",
    "@types/node": "^20.11.24",
    "husky": "^9.1.7",
    "size-limit": "^11.2.0",
    "ts-node": "^10.9.2",
    "tsdx": "^0.14.1",
    "tslib": "^2.8.1",
    "typescript": "^5.8.2"
  }
}
=====CLIENT=====
import {
  GladiaConfig,
  TranscriptionOptions,
  TranscriptionResult,
  RealTimeTranscriptionOptions,
  TranscriptionResponse,
  GladiaError,
} from './types';

export class GladiaClient {
  private readonly apiKey: string;
  private readonly baseUrl: string;
  private readonly defaultOptions: Partial<TranscriptionOptions>;

  constructor(config: GladiaConfig) {
    if (!config.apiKey) {
      throw new GladiaError('API key is required');
    }

    this.apiKey = config.apiKey;
    this.baseUrl = config.baseUrl || 'https://api.gladia.io';
    this.defaultOptions = {
      language: config.language,
      diarization: config.diarization,
      diarization_config: config.diarizationConfig,
    };
  }

  private async request<T>(
    endpoint: string,
    options: RequestInit = {}
  ): Promise<T> {
    const url = endpoint.startsWith('http')
      ? endpoint
      : `${this.baseUrl}${endpoint}`;

    try {
      const response = await fetch(url, {
        ...options,
        headers: {
          'x-gladia-key': this.apiKey,
          'Content-Type': 'application/json',
          ...options.headers,
        },
      });

      if (!response.ok) {
        let errorMessage = `API Error: ${response.status} ${response.statusText}`;
        let errorCode = null;

        try {
          const errorData = await response.json();
          errorMessage = errorData.message || errorMessage;
          errorCode = errorData.code || null;
        } catch (e) {
          // Ignore JSON parsing errors
        }

        throw new GladiaError(errorMessage, response.status, errorCode);
      }

      return await response.json();
    } catch (error) {
      if (error instanceof GladiaError) {
        throw error;
      }

      // Handle network errors or other fetch issues
      throw new GladiaError(
        error instanceof Error ? error.message : 'Network error occurred',
        0,
        'NETWORK_ERROR'
      );
    }
  }

  private async waitForResult(
    resultUrl: string,
    options: { pollingInterval?: number; maxRetries?: number } = {}
  ): Promise<TranscriptionResult> {
    const { pollingInterval = 2000, maxRetries = 60 } = options; // Default 2 minutes max waiting time
    let retries = 0;

    while (retries < maxRetries) {
      try {
        const response = await this.request<TranscriptionResult>(resultUrl);

        if (response.status === 'done') {
          // Success case - the API returns a valid result
          if (!response.result?.transcription?.full_transcript) {
            console.warn(
              'Warning: Response missing expected transcription data'
            );
          }
          return response; // Return the response as-is, don't validate specific structure
        } else if (response.status === 'error') {
          throw new GladiaError(
            `Transcription failed: ${response.error?.message ||
              'Unknown error'}`,
            undefined,
            response.error?.code
          );
        }

        // Still processing - log and wait
        console.log(
          `Transcription status: ${response.status} (attempt ${retries +
            1}/${maxRetries})`
        );
        await new Promise(resolve => setTimeout(resolve, pollingInterval));
        retries++;
      } catch (error) {
        if (error instanceof GladiaError && error.statusCode === 404) {
          // Resource not found yet, might need a moment to propagate
          console.log(
            `Waiting for resource to be available (attempt ${retries +
              1}/${maxRetries})`
          );
          await new Promise(resolve => setTimeout(resolve, pollingInterval));
          retries++;
        } else {
          // Re-throw other errors
          throw error;
        }
      }
    }

    throw new GladiaError(
      `Transcription timed out after ${maxRetries} attempts`,
      408,
      'TIMEOUT'
    );
  }

  /**
   * Transcribe audio from a URL
   */
  async transcribeAudio(
    audioUrl: string,
    options: TranscriptionOptions = {},
[0m
[0m$ [0mcd /tmp/opencode/npmcheck/gladia-src/package && grep -nEi "child_process|eval\(|exec\(|atob|btoa|http://|fetch\(|baseUrl|localhost|\.onion|telegram|discord|webhook" src/client.ts src/index.ts | head -30; echo "---URLs in README---"; grep -nEi "npm install|@gladiaio|github.com/alexisbouchez|Official" README.md | head -20
src/client.ts:12:  private readonly baseUrl: string;
src/client.ts:21:    this.baseUrl = config.baseUrl || 'https://api.gladia.io';
src/client.ts:35:      : `${this.baseUrl}${endpoint}`;
src/client.ts:38:      const response = await fetch(url, {
src/client.ts:176:        `${this.baseUrl}/v2/transcription/${response.id}`;
src/client.ts:234:      const uploadResponse = await fetch(`${this.baseUrl}/v2/upload`, {
src/client.ts:306:    const wsUrl = new URL(`${this.baseUrl}/v2/live`);
---URLs in README---
3:Unofficial TypeScript SDK for Gladia - State-of-the-art Speech to Text API
6:[![GitHub](https://img.shields.io/github/license/alexisbouchez/gladia.ts)](https://github.com/alexisbouchez/gladia.ts/blob/main/LICENSE)
7:[![GitHub issues](https://img.shields.io/github/issues/alexisbouchez/gladia.ts)](https://github.com/alexisbouchez/gladia.ts/issues)
8:[![GitHub stars](https://img.shields.io/github/stars/alexisbouchez/gladia.ts)](https://github.com/alexisbouchez/gladia.ts/stargazers)
27:npm install gladia
178:The SDK follows the official Gladia API v2 response structure:
394:If you encounter any issues or have questions, please file an issue on the [GitHub repository](https://github.com/alexisbouchez/gladia.ts/issues).
[0m
[0m$ [0mcurl -s -D - -o /dev/null -X OPTIONS -H "Origin: https://evil.example.com" -H "Access-Control-Request-Method: POST" -H "Access-Control-Request-Headers: x-gladia-key" https://api.gladia.io/v2/transcription --max-time 15 | grep -iE "HTTP/|access-control|allow-method|allow-header"; echo "== app.gladia.io =="; curl -s -D - -o /dev/null https://app.gladia.io/ --max-time 15 | grep -iE "HTTP/|location|set-cookie|robots|strict-transport"
HTTP/2 204 
access-control-allow-headers: x-gladia-key
access-control-allow-methods: GET,HEAD,PUT,PATCH,POST,DELETE
access-control-allow-origin: *
access-control-expose-headers: x-gladia-request-id,traceparent,tracestate,x-request-id,x-correlation-id,X-Request-Id,X-Correlation-Id
vary: Access-Control-Request-Headers
== app.gladia.io ==
HTTP/2 302 
location: /signin
set-cookie: __sid=; Path=/; Expires=Thu, 01 Jan 1970 00:00:00 GMT; HttpOnly; Secure; SameSite=Lax
set-cookie: return-to=eyJ1cmwiOiIvIn0%3D; Max-Age=60; Path=/; HttpOnly; Secure; SameSite=Lax
strict-transport-security: max-age=31536000; includeSubDomains; preload
x-robots-tag: noindex, nofollow
[0m
[0m$ [0mcurl -s "https://app.gladia.io/signin?redirect_to=https://evil.example.com" -D /tmp/opencode/si.txt -o /tmp/opencode/si.html --max-time 20; grep -iE "HTTP/|location|set-cookie" /tmp/opencode/si.txt; echo "---title/forms---"; grep -oiE "<title>[^<]*</title>|sign in with [^<]*|action=\"[^\"]*\"|oauth|google|github" /tmp/opencode/si.html | sort -u | head -20; wc -c /tmp/opencode/si.html
HTTP/2 200 
---title/forms---
<title>Gladia | Sign in</title>
<title>Gladia</title>
GOOGLE
Google
Sign in with Google
action="/signin?redirect_to=https%3A%2F%2Fevil.example.com"
google
27448 /tmp/opencode/si.html
[0m
[0m$ [0mgrep -oE '.{80}redirect_to.{160}' /tmp/opencode/si.html | head -5; echo "===="; grep -oE 'src="[^"]*\.js[^"]*"' /tmp/opencode/si.html | sort -u
ax-w-[22.5rem] w-full flex flex-col gap-6" data-discover="true" action="/signin?redirect_to=https%3A%2F%2Fevil.example.com" method="post"><div class="flex flex-col gap-4"><a href="https://gladia.io" target="_blank" rel="noopener noreferrer"><svg width
====
[0m
STEP 1 — DELTA
[NEW] api.gladia.io: OpenAPI 3.1 fully enumerated — 14 paths; every v2 operation declares security scheme `x_gladia_key` (header `x-gladia-key`); `/v1/models` inherits global `security: null` and returns 200 with model+pricing data with no key
[NEW] api.gladia.io: auth gate confirmed — unauthenticated GET on /v2/transcription, /v2/pre-recorded, /v2/live, /v2/transcription/{id} → 401 `{"message":"no gladia key provided","request_id":"G-…"}`
[NEW] api.gladia.io: CORS preflight (OPTIONS, Origin: evil.example.com) → `access-control-allow-origin: *`, `allow-methods: GET,HEAD,PUT,PATCH,POST,DELETE`, `allow-headers: x-gladia-key`, and NO `access-control-allow-credentials`
[NEW] npm `gladia` 0.1.3: registry `description` = "Official TypeScript SDK for Gladia" but packaged README title = "Unofficial TypeScript SDK"; maintainer `softwarecitadel` <softwarecitadel@gmail.com>, author Alexis Bouchez, repo alexisbouchez/gladia.ts (personal), published 2025-03-28 (predates official @gladiaio/sdk 2025-09-09); tarball source benign — only baseUrl api.gladia.io, no eval/exec/exfil
[NEW] app.gladia.io `/signin`: Google-only OAuth; `redirect_to` query param reflected URL-encoded into form `action="/signin?redirect_to=https%3A%2F%2Fevil.example.com"`; post-auth redirect target handling untestable without session
[CHANGED] app.gladia.io return-to cookie re-confirmed: `eyJ1cmwiOiIvIn0=` = unsigned base64url `{"url":"/"}` (plain JSON, NOT a signed JWT); `__sid` expired/empty; both HttpOnly/Secure/SameSite=Lax

STEP 2 — PRIORITIZE
[PRIO] api.gladia.io | score 6.35 | attack_surface 6 business 9 tech 8 gate 2 cloud 3 fresh 8 (14 endpoints, SSRF-prone audio_url/video_url ingestion, uniform x-gladia-key gate, /v1/models public)
[PRIO] app.gladia.io /signin | score 5.85 | attack_surface 5 business 7 tech 7 gate 6 cloud 2 fresh 7 (OAuth sign-in, reachable redirect_to param, effect needs post-auth session)
[PRIO] npm `gladia` 0.1.3 | score 5.05 | attack_surface 4 business 5 tech 5 gate 9 cloud 1 fresh 6 (public package, "Official" claim contradicts README, personal maintainer)

STEP 3 — HYPOTHESES
[HYP] SSRF via file-URL ingestion in transcription/upload endpoints
class: SSRF
asset: api.gladia.io /v2/upload, /v2/pre-recorded, /v2/transcription, /audio/text/audio-transcription, /video/text/video-transcription (audio_url/video_url params per OpenAPI)
confidence: 58
reasoning: All five endpoints accept audio_url/video_url in spec; server-side fetch of user-supplied URLs is the canonical SSRF class in transcription APIs. Auth gate is a uniform 401 header check (no scope/id binding visible in spec). Public /v1/models shows the stack returns unauthenticated data, so key-holder fetch logic is plausible.
evidence_needed: fetch of an internal address (169.254.169.254 metadata, internal host) reflected/observable via status/error/duration; needs a valid x-gladia-key
verify_steps: AUTH_HELPED — POST /v2/upload with JSON body `{"audio_url":"http://<attacker-canary>"}`, then POST with `http://169.254.169.254/latest/meta-data/`; compare error text/timeouts to detect server-side reachability; only with a program-provided or personal trial key
impact: SSRF → cloud-metadata/internal-network read; High (key-gated)
testability: AUTH_HELPED

[HYP] Post-OAuth open redirect via redirect_to parameter
class: OATH
asset: app.gladia.io /signin?redirect_to=
confidence: 52
reasoning: /signin accepts redirect_to and persists it into the form action; app is Google-only OAuth; unsigned return-to cookie shows the redirect concept is server-driven. If redirect_to is honored post-OAuth without host allowlist, it's an open redirect; if also reused as OAuth redirect_uri, worse.
evidence_needed: after completing OAuth with a session, observe final Location for a cross-origin redirect_to
verify_steps: AUTH_HELPED — complete sign-in flow (HUMAN/session), then GET /signin?redirect_to=https://evil.example.com and observe where the post-auth browser lands; also test redirect_to values like `//evil.example.com` and `https://evil.example.com.evil.io`
impact: phishing/OAuth-flow manipulation; Low-Med (High only if redirect_uri injection proven)
testability: AUTH_HELPED

[HYP] Impersonation/name-squat `gladia` npm package with false "Official" claim
class: OTHER
asset: npm registry `gladia` 0.1.3 (dist-tag latest)
confidence: 78
reasoning: Registry description claims "Official TypeScript SDK for Gladia" while the package's own README says "Unofficial"; maintainer is a personal gmail (softwarecitadel) and repo is alexisbouchez/gladia.ts; published 5+ months before the real official package @gladiaio/sdk. Tarball code currently benign (no exfil), so this is misrepresentation, not malicious payload.
evidence_needed: none beyond the verified metadata; report as supply-chain hygiene/impersonation (Medium)
verify_steps: PASSIVE — already done (registry metadata + tarball inspection); document description-vs-README contradiction, maintainer mismatch, publish-date ordering
impact: developers installing `gladia` instead of @gladiaio/sdk get unofficial code; if account/repo later hijacked → supply-chain compromise; Medium
testability: PASSIVE

STEP 4 — SELF-CRITIQUE
[PARKED] CORS wildcard-with-credentials (seed [55]): dropped — preflight shows `access-control-allow-origin: *` with NO `access-control-allow-credentials`; cross-site requests cannot carry the x-gladia-key header on the victim's behalf; not exploitable
[PARKED] OpenAPI shadow-endpoint enumeration (seed [60]): dropped — 14 documented paths mapped and auth gate is uniform; detecting undocumented endpoints requires active fuzzing, prohibited under passive-first
[PARKED] return-to cookie JWT handling (seed [50]): dropped — cookie proven to be unsigned base64url JSON, not JWT; the redirect surface moved to the redirect_to query param (now H2)
[PARKED] IDOR on /{id}/file download endpoints: dropped — spec-only, confidence < 40, needs a valid key to test cross-account resource isolation
[FINAL] ranked: 1) H1 SSRF @ api.gladia.io (highest-scope asset, real impact if true) | 2) H3 npm impersonation (verified fact, PASSIVE) | 3) H2 open redirect @ app.gladia.io (needs session)

STEP 5 — NEXT ACTION
[NEXT] RAG: read gladiaio/sdk (packages/sdk-js + packages/sdk-python + generator) and gladia-samples to confirm how audio_url/video_url flows into api.gladia.io (any client-side validation/allowlist, default endpoints, timeout/redirect behavior) to harden H1 before any key-gated testing

STEP 6 — LEARNING
REJECTED MISCONFIG @ api.gladia.io: CORS `access-control-allow-origin: *` without Access-Control-Allow-Credentials → no credential-theft exposure
ACCEPTED OTHER @ npm `gladia`: package claims "Official" in registry while its README says "Unofficial"; personal gmail maintainer → impersonation confirmed, code currently benign
ACCEPTED AUTH @ api.gladia.io: uniform 401 "no gladia key provided" gate on all v2 endpoints via x-gladia-key header; only /v1/models is public

STEP 7 — RISK SCORE
[RISK] api.gladia.io: 45 | public OpenAPI (14 paths), uniform key gate, CORS * without credentials (low), audio_url/video_url SSRF surface gated behind keys, request-id headers leak nothing sensitive
[RISK] app.gladia.io: 40 | Google-only OAuth, reachable redirect_to param with unvalidated post-auth behavior, cookies correctly flagged (HttpOnly/Secure/SameSite=Lax)
[RISK] sdk: 50 | `gladia` npm package actively claims "Official" while unofficial (impersonation active); official @gladiaio/sdk metadata clean; tarball of `gladia` benign so far
